[chain] 2026-10-05T17:09:25Z start: waiting for PID 23411 (polybox rep 1)
[chain] 2026-10-05T17:31:56Z polybox rep 1 exit=?
[chain] 2026-10-05T17:31:56Z start: rep 1: project,local
[chain] 2026-10-05T18:03:24Z rep 1 others exit=0
[chain] 2026-10-05T18:03:24Z start: rep 2: project,local
[chain] 2026-10-05T18:34:36Z rep 2 others exit=0
[chain] 2026-10-05T18:34:36Z start: rep 2: polybox without W5, W8
[chain] 2026-10-05T19:07:32Z rep 2 polybox exit=0
[chain] 2026-10-05T19:07:32Z start: W11 sweep (no azure)
[sweep] levels=[1, 2, 4, 8, 16, 32] reps=3 files/measurement=1000 data=S-sweep backends=['project', 'polybox', 'local'] seed=20261005
[sweep] results -> /home/renku/work/renku-storage-stress-test/results/S/elisabet-cap-52039ca53e6c-0_2026-10-05.jsonl
[stage] project: 0/18 units already staged
  [1/18] sweep-files/shard-000
  [2/18] sweep-files/shard-001
  [3/18] sweep-files/shard-002
  [4/18] sweep-files/shard-003
  [5/18] sweep-files/shard-004
  [6/18] sweep-files/shard-005
  [7/18] sweep-files/shard-006
  [8/18] sweep-files/shard-007
  [9/18] sweep-files/shard-008
  [10/18] sweep-files/shard-009
  [11/18] sweep-files/shard-010
  [12/18] sweep-files/shard-011
  [13/18] sweep-files/shard-012
  [14/18] sweep-files/shard-013
  [15/18] sweep-files/shard-014
  [16/18] sweep-files/shard-015
  [17/18] sweep-files/shard-016
  [18/18] sweep-files/shard-017
[stage] polybox: 0/18 units already staged
  [1/18] sweep-files/shard-000
  [2/18] sweep-files/shard-001
  [3/18] sweep-files/shard-002
  [4/18] sweep-files/shard-003
  [5/18] sweep-files/shard-004
  [6/18] sweep-files/shard-005
  [7/18] sweep-files/shard-006
  [8/18] sweep-files/shard-007
  [9/18] sweep-files/shard-008
  [10/18] sweep-files/shard-009
  [11/18] sweep-files/shard-010
  [12/18] sweep-files/shard-011
  [13/18] sweep-files/shard-012
  [14/18] sweep-files/shard-013
  [15/18] sweep-files/shard-014
  [16/18] sweep-files/shard-015
  [17/18] sweep-files/shard-016
  [18/18] sweep-files/shard-017
[stage] waiting for the mount to show /home/renku/work/stress-test-polybox/data/S-sweep/sweep-files/shard-017 ...
[stage] visible after 1s
[stage] local: 0/18 units already staged
  [1/18] sweep-files/shard-000
  [2/18] sweep-files/shard-001
  [3/18] sweep-files/shard-002
  [4/18] sweep-files/shard-003
  [5/18] sweep-files/shard-004
  [6/18] sweep-files/shard-005
  [7/18] sweep-files/shard-006
  [8/18] sweep-files/shard-007
  [9/18] sweep-files/shard-008
  [10/18] sweep-files/shard-009
  [11/18] sweep-files/shard-010
  [12/18] sweep-files/shard-011
  [13/18] sweep-files/shard-012
  [14/18] sweep-files/shard-013
  [15/18] sweep-files/shard-014
  [16/18] sweep-files/shard-015
  [17/18] sweep-files/shard-016
  [18/18] sweep-files/shard-017

[sweep rep 1/3] order: project -> local -> polybox
  [project]  1 readers:     66.6 files/s      6.8 MB/s
  [project]  2 readers:    113.9 files/s     11.7 MB/s
  [project] 32 readers:   1437.7 files/s    147.2 MB/s
  [project]  8 readers:    488.9 files/s     50.1 MB/s
  [project] 16 readers:    969.1 files/s     99.2 MB/s
  [project]  4 readers:    232.6 files/s     23.8 MB/s
  [local]  2 readers:   4534.3 files/s    464.3 MB/s
  [local]  1 readers:   2387.3 files/s    244.5 MB/s
  [local]  4 readers:   8493.6 files/s    869.7 MB/s
  [local]  8 readers:   9907.6 files/s   1014.5 MB/s
  [local] 16 readers:   9596.2 files/s    982.6 MB/s
  [local] 32 readers:   9738.8 files/s    997.3 MB/s
  [polybox]  1 readers:      5.0 files/s      0.5 MB/s
  [polybox] 16 readers:     53.8 files/s      5.5 MB/s
  [polybox]  4 readers:     20.0 files/s      2.0 MB/s
  [polybox] 32 readers:     53.6 files/s      5.5 MB/s
  [polybox]  2 readers:      9.6 files/s      1.0 MB/s
  [polybox]  8 readers:     38.3 files/s      3.9 MB/s

[sweep rep 2/3] order: local -> project -> polybox
  [local]  1 readers:   2324.7 files/s    238.0 MB/s
  [local] 16 readers:   8806.4 files/s    901.8 MB/s
  [local]  2 readers:   4770.1 files/s    488.5 MB/s
  [local]  8 readers:  10678.9 files/s   1093.5 MB/s
  [local]  4 readers:   8460.6 files/s    866.4 MB/s
  [local] 32 readers:   9872.5 files/s   1010.9 MB/s
  [project]  1 readers:     62.4 files/s      6.4 MB/s
  [project]  4 readers:    211.8 files/s     21.7 MB/s
  [project]  2 readers:    107.6 files/s     11.0 MB/s
  [project]  8 readers:    502.8 files/s     51.5 MB/s
  [project] 16 readers:    927.6 files/s     95.0 MB/s
  [project] 32 readers:   1452.2 files/s    148.7 MB/s
  [polybox]  4 readers:     19.7 files/s      2.0 MB/s
  [polybox]  8 readers:     34.1 files/s      3.5 MB/s
  [polybox] 32 readers:     52.1 files/s      5.3 MB/s
  [polybox]  2 readers:     10.4 files/s      1.1 MB/s
  [polybox] 16 readers:     56.5 files/s      5.8 MB/s
  [polybox]  1 readers:      5.2 files/s      0.5 MB/s

[sweep rep 3/3] order: local -> polybox -> project
  [local]  2 readers:   4688.6 files/s    480.1 MB/s
  [local] 32 readers:   9558.8 files/s    978.8 MB/s
  [local]  8 readers:   9686.5 files/s    991.9 MB/s
  [local] 16 readers:   8808.4 files/s    902.0 MB/s
  [local]  4 readers:   8247.9 files/s    844.6 MB/s
  [local]  1 readers:   2433.8 files/s    249.2 MB/s
  [polybox]  4 readers:     19.6 files/s      2.0 MB/s
  [polybox]  8 readers:     37.9 files/s      3.9 MB/s
  [polybox]  1 readers:      5.1 files/s      0.5 MB/s
  [polybox] 16 readers:     52.9 files/s      5.4 MB/s
  [polybox] 32 readers:     54.5 files/s      5.6 MB/s
  [polybox]  2 readers:     10.1 files/s      1.0 MB/s
  [project] 32 readers:   1284.8 files/s    131.6 MB/s
  [project]  2 readers:     98.5 files/s     10.1 MB/s
  [project]  8 readers:    447.0 files/s     45.8 MB/s
  [project]  1 readers:     56.3 files/s      5.8 MB/s
  [project] 16 readers:    873.2 files/s     89.4 MB/s
  [project]  4 readers:    214.2 files/s     21.9 MB/s

[sweep] done. Analyse with: python analysis/analyze.py /home/renku/work/renku-storage-stress-test/results/S
[chain] 2026-10-05T20:00:03Z sweep exit=0
  wrote durability/20261005T200003-control-4x268435456/f-00.bin: 250 MB/s apparent, fsync 0.00s
  wrote durability/20261005T200003-control-4x268435456/f-01.bin: 162 MB/s apparent, fsync 0.00s
  wrote durability/20261005T200003-control-4x268435456/f-02.bin: 179 MB/s apparent, fsync 0.00s
  wrote durability/20261005T200003-control-4x268435456/f-03.bin: 161 MB/s apparent, fsync 0.00s
2026/10/05 20:00:19 NOTICE: Chunked uploads are disabled because nextcloud_chunk_size is set to 0
  durability/20261005T200003-control-4x268435456/f-00.bin: remote complete 14.2s after close, content OK
2026/10/05 20:00:21 NOTICE: Chunked uploads are disabled because nextcloud_chunk_size is set to 0
  durability/20261005T200003-control-4x268435456/f-01.bin: remote complete 13.6s after close, content OK
2026/10/05 20:00:22 NOTICE: Chunked uploads are disabled because nextcloud_chunk_size is set to 0
  durability/20261005T200003-control-4x268435456/f-02.bin: remote complete 13.5s after close, content OK
2026/10/05 20:00:24 NOTICE: Chunked uploads are disabled because nextcloud_chunk_size is set to 0
  durability/20261005T200003-control-4x268435456/f-03.bin: remote complete 14.1s after close, content OK
[durability] all files uploaded 15s after the last close()
[chain] 2026-10-05T20:00:26Z durability polybox exit=0
[chain] 2026-10-05T20:00:26Z all done (azure pending: reps 1-2, sweep, durability control)
