[run] id=20261005T0840-96de tier=Sq reps=1 backends=['project', 'azure', 'polybox', 'local'] seed=20261005
[run] results -> /home/renku/work/renku-storage-stress-test/results/Sq/1_2026-10-05.jsonl
[preflight] tier Sq needs ~0.1 GB per backend
  project  ok: 79.7 GB free
  azure    ok (rclone API reachable; free space not checked for object stores)
  polybox  ok (rclone API reachable; free space not checked for object stores)
  local    ok: 196.3 GB free
[stage] project: 36/36 units already staged
[stage] azure: 36/36 units already staged
[stage] polybox: 1/36 units already staged
  [1/35] small-files/shard-001
  [2/35] medium-files/shard-000
  [3/35] medium-files/shard-001
  [4/35] large-files/table-000.parquet
  [5/35] large-files/array-000.h5
  [6/35] fio-pool/rep-00/file-00.bin
  [7/35] fio-pool/rep-00/file-01.bin
  [8/35] fio-pool/rep-00/file-02.bin
  [9/35] fio-pool/rep-00/file-03.bin
  [10/35] fio-pool/rep-00/file-04.bin
  [11/35] fio-pool/rep-00/file-05.bin
  [12/35] fio-pool/rep-00/file-06.bin
  [13/35] fio-pool/rep-00/file-07.bin
  [14/35] fio-pool/rep-00/file-08.bin
  [15/35] fio-pool/rep-00/file-09.bin
  [16/35] fio-pool/rep-00/file-10.bin
  [17/35] fio-pool/rep-00/file-11.bin
  [18/35] fio-pool/rep-00/file-12.bin
  [19/35] fio-pool/rep-00/file-13.bin
  [20/35] fio-pool/rep-00/file-14.bin
  [21/35] fio-pool/rep-00/file-15.bin
  [22/35] fio-pool/rep-00/file-16.bin
  [23/35] fio-pool/rep-00/file-17.bin
  [24/35] fio-pool/rep-00/file-18.bin
  [25/35] fio-pool/rep-00/file-19.bin
  [26/35] fio-pool/rep-00/file-20.bin
  [27/35] fio-pool/rep-00/file-21.bin
  [28/35] fio-pool/rep-00/file-22.bin
  [29/35] fio-pool/rep-00/file-23.bin
  [30/35] fio-pool/rep-00/file-24.bin
  [31/35] fio-pool/rep-00/file-25.bin
  [32/35] fio-pool/rep-00/file-26.bin
  [33/35] fio-pool/rep-00/file-27.bin
  [34/35] fio-pool/rep-00/file-28.bin
  [35/35] fio-pool/rep-00/file-29.bin
[stage] waiting for the mount to show /home/renku/work/stress-test-polybox/data/Sq/fio-pool/rep-00/file-29.bin ...
[stage] visible after 21s
[stage] local: 0/36 units already staged
  [1/36] small-files/shard-000
  [2/36] small-files/shard-001
  [3/36] medium-files/shard-000
  [4/36] medium-files/shard-001
  [5/36] large-files/table-000.parquet
  [6/36] large-files/array-000.h5
  [7/36] fio-pool/rep-00/file-00.bin
  [8/36] fio-pool/rep-00/file-01.bin
  [9/36] fio-pool/rep-00/file-02.bin
  [10/36] fio-pool/rep-00/file-03.bin
  [11/36] fio-pool/rep-00/file-04.bin
  [12/36] fio-pool/rep-00/file-05.bin
  [13/36] fio-pool/rep-00/file-06.bin
  [14/36] fio-pool/rep-00/file-07.bin
  [15/36] fio-pool/rep-00/file-08.bin
  [16/36] fio-pool/rep-00/file-09.bin
  [17/36] fio-pool/rep-00/file-10.bin
  [18/36] fio-pool/rep-00/file-11.bin
  [19/36] fio-pool/rep-00/file-12.bin
  [20/36] fio-pool/rep-00/file-13.bin
  [21/36] fio-pool/rep-00/file-14.bin
  [22/36] fio-pool/rep-00/file-15.bin
  [23/36] fio-pool/rep-00/file-16.bin
  [24/36] fio-pool/rep-00/file-17.bin
  [25/36] fio-pool/rep-00/file-18.bin
  [26/36] fio-pool/rep-00/file-19.bin
  [27/36] fio-pool/rep-00/file-20.bin
  [28/36] fio-pool/rep-00/file-21.bin
  [29/36] fio-pool/rep-00/file-22.bin
  [30/36] fio-pool/rep-00/file-23.bin
  [31/36] fio-pool/rep-00/file-24.bin
  [32/36] fio-pool/rep-00/file-25.bin
  [33/36] fio-pool/rep-00/file-26.bin
  [34/36] fio-pool/rep-00/file-27.bin
  [35/36] fio-pool/rep-00/file-28.bin
  [36/36] fio-pool/rep-00/file-29.bin
  project  append             PASS
  project  overwrite_middle   PASS
  project  rename_atomic      PASS
  project  rename_dir         PASS
  project  flock              PASS
  project  fcntl_lock         PASS
  project  mmap_write         PASS
  project  sqlite             FAIL OperationalError: database is locked
  project  sqlite_wal         FAIL OperationalError: database is locked
  project  symlink            PASS
  project  hardlink           FAIL OSError: [Errno 95] Operation not supported: '/home/renku/work/renku-store/work/Sq/semantics-1791189690/c_hardlink/h1.txt' -> '/home/renku/work/renku-store/work/Sq/semantics-1791189690/c_hardlink/h2.txt'
  project  chmod_exec         FAIL PermissionError: [Errno 1] Operation not permitted: '/home/renku/work/renku-store/work/Sq/semantics-1791189690/c_chmod_exec/run.sh'
  project  sparse_seek        PASS
  project  fsync              PASS
  project  case_sensitive     FAIL AssertionError: filesystem is case-insensitive
  project  mtime_preserved    FAIL PermissionError: [Errno 1] Operation not permitted
  project  git                FAIL CalledProcessError: Command '['git', 'init', '-q']' returned non-zero exit status 128.
  azure    append             PASS
  azure    overwrite_middle   PASS
  azure    rename_atomic      PASS
  azure    rename_dir         PASS
  azure    flock              PASS
  azure    fcntl_lock         PASS
  azure    mmap_write         PASS
  azure    sqlite             PASS
  azure    sqlite_wal         PASS
  azure    symlink            FAIL OSError: [Errno 5] Input/output error: 'target.txt' -> '/home/renku/work/stress-test-azure/renku-stress/work/Sq/semantics-1791189703/c_symlink/link.txt'
  azure    hardlink           FAIL OSError: [Errno 38] Function not implemented: '/home/renku/work/stress-test-azure/renku-stress/work/Sq/semantics-1791189703/c_hardlink/h1.txt' -> '/home/renku/work/stress-test-azure/renku-stress/work/Sq/semantics-1791189703/c_hardlink/h2.txt'
  azure    chmod_exec         FAIL PermissionError: [Errno 13] Permission denied: '/home/renku/work/stress-test-azure/renku-stress/work/Sq/semantics-1791189703/c_chmod_exec/run.sh'
  azure    sparse_seek        PASS
  azure    fsync              PASS
  azure    case_sensitive     PASS
  azure    mtime_preserved    PASS
  azure    git                FAIL CalledProcessError: Command '['git', 'add', '-A']' returned non-zero exit status 128.
  polybox  append             PASS
  polybox  overwrite_middle   PASS
  polybox  rename_atomic      PASS
  polybox  rename_dir         PASS
  polybox  flock              PASS
  polybox  fcntl_lock         PASS
  polybox  mmap_write         PASS
  polybox  sqlite             PASS
  polybox  sqlite_wal         PASS
  polybox  symlink            FAIL OSError: [Errno 5] Input/output error: 'target.txt' -> '/home/renku/work/stress-test-polybox/work/Sq/semantics-1791189704/c_symlink/link.txt'
  polybox  hardlink           FAIL OSError: [Errno 38] Function not implemented: '/home/renku/work/stress-test-polybox/work/Sq/semantics-1791189704/c_hardlink/h1.txt' -> '/home/renku/work/stress-test-polybox/work/Sq/semantics-1791189704/c_hardlink/h2.txt'
  polybox  chmod_exec         FAIL PermissionError: [Errno 13] Permission denied: '/home/renku/work/stress-test-polybox/work/Sq/semantics-1791189704/c_chmod_exec/run.sh'
  polybox  sparse_seek        PASS
  polybox  fsync              PASS
  polybox  case_sensitive     PASS
  polybox  mtime_preserved    PASS
  polybox  git                FAIL CalledProcessError: Command '['git', 'add', '-A']' returned non-zero exit status 128.
  local    append             PASS
  local    overwrite_middle   PASS
  local    rename_atomic      PASS
  local    rename_dir         PASS
  local    flock              PASS
  local    fcntl_lock         PASS
  local    mmap_write         PASS
  local    sqlite             PASS
  local    sqlite_wal         PASS
  local    symlink            PASS
  local    hardlink           PASS
  local    chmod_exec         PASS
  local    sparse_seek        PASS
  local    fsync              PASS
  local    case_sensitive     PASS
  local    mtime_preserved    PASS
  local    git                PASS

[rep 1/1] order: project -> azure -> local -> polybox
  [project] fio
  [project] metadata
  [project] realistic
  [project] ingress
Traceback (most recent call last):
  File "/home/renku/work/renku-storage-stress-test/scripts/run_all.py", line 70, in guarded
    fn(*args, **kw)
  File "/home/renku/work/renku-storage-stress-test/scripts/02_stage_data.py", line 108, in ingress
    shutil.copytree(small, dst / "small")
  File "/layers/paketo-buildpacks_conda-env-update/conda-env/lib/python3.11/shutil.py", line 573, in copytree
    return _copytree(entries=entries, src=src, dst=dst, symlinks=symlinks,
           ^^^^^^^^^^^^^^^^^^^^^^^^^^^^^^^^^^^^^^^^^^^^^^^^^^^^^^^^^^^^^^^
  File "/layers/paketo-buildpacks_conda-env-update/conda-env/lib/python3.11/shutil.py", line 527, in _copytree
    raise Error(errors)
shutil.Error: [('/tmp/stress-scratch/ingress-src-Sq/ingress/small/f-00053.bin', '/home/renku/work/renku-store/work/Sq/ingress-00-1791189776/small/f-00053.bin', '[Errno 1] Operation not permitted'), ('/tmp/stress-scratch/ingress-src-Sq/ingress/small/f-00002.bin', '/home/renku/work/renku-store/work/Sq/ingress-00-1791189776/small/f-00002.bin', '[Errno 1] Operation not permitted'), ('/tmp/stress-scratch/ingress-src-Sq/ingress/small/f-00028.bin', '/home/renku/work/renku-store/work/Sq/ingress-00-1791189776/small/f-00028.bin', '[Errno 1] Operation not permitted'), ('/tmp/stress-scratch/ingress-src-Sq/ingress/small/f-00076.bin', '/home/renku/work/renku-store/work/Sq/ingress-00-1791189776/small/f-00076.bin', '[Errno 1] Operation not permitted'), ('/tmp/stress-scratch/ingress-src-Sq/ingress/small/f-00074.bin', '/home/renku/work/renku-store/work/Sq/ingress-00-1791189776/small/f-00074.bin', '[Errno 1] Operation not permitted'), ('/tmp/stress-scratch/ingress-src-Sq/ingress/small/f-00099.bin', '/home/renku/work/renku-store/work/Sq/ingress-00-1791189776/small/f-00099.bin', '[Errno 1] Operation not permitted'), ('/tmp/stress-scratch/ingress-src-Sq/ingress/small/f-00001.bin', '/home/renku/work/renku-store/work/Sq/ingress-00-1791189776/small/f-00001.bin', '[Errno 1] Operation not permitted'), ('/tmp/stress-scratch/ingress-src-Sq/ingress/small/f-00017.bin', '/home/renku/work/renku-store/work/Sq/ingress-00-1791189776/small/f-00017.bin', '[Errno 1] Operation not permitted'), ('/tmp/stress-scratch/ingress-src-Sq/ingress/small/f-00015.bin', '/home/renku/work/renku-store/work/Sq/ingress-00-1791189776/small/f-00015.bin', '[Errno 1] Operation not permitted'), ('/tmp/stress-scratch/ingress-src-Sq/ingress/small/f-00019.bin', '/home/renku/work/renku-store/work/Sq/ingress-00-1791189776/small/f-00019.bin', '[Errno 1] Operation not permitted'), ('/tmp/stress-scratch/ingress-src-Sq/ingress/small/f-00022.bin', '/home/renku/work/renku-store/work/Sq/ingress-00-1791189776/small/f-00022.bin', '[Errno 1] Operation not permitted'), ('/tmp/stress-scratch/ingress-src-Sq/ingress/small/f-00092.bin', '/home/renku/work/renku-store/work/Sq/ingress-00-1791189776/small/f-00092.bin', '[Errno 1] Operation not permitted'), ('/tmp/stress-scratch/ingress-src-Sq/ingress/small/f-00055.bin', '/home/renku/work/renku-store/work/Sq/ingress-00-1791189776/small/f-00055.bin', '[Errno 1] Operation not permitted'), ('/tmp/stress-scratch/ingress-src-Sq/ingress/small/f-00083.bin', '/home/renku/work/renku-store/work/Sq/ingress-00-1791189776/small/f-00083.bin', '[Errno 1] Operation not permitted'), ('/tmp/stress-scratch/ingress-src-Sq/ingress/small/f-00004.bin', '/home/renku/work/renku-store/work/Sq/ingress-00-1791189776/small/f-00004.bin', '[Errno 1] Operation not permitted'), ('/tmp/stress-scratch/ingress-src-Sq/ingress/small/f-00051.bin', '/home/renku/work/renku-store/work/Sq/ingress-00-1791189776/small/f-00051.bin', '[Errno 1] Operation not permitted'), ('/tmp/stress-scratch/ingress-src-Sq/ingress/small/f-00000.bin', '/home/renku/work/renku-store/work/Sq/ingress-00-1791189776/small/f-00000.bin', '[Errno 1] Operation not permitted'), ('/tmp/stress-scratch/ingress-src-Sq/ingress/small/f-00041.bin', '/home/renku/work/renku-store/work/Sq/ingress-00-1791189776/small/f-00041.bin', '[Errno 1] Operation not permitted'), ('/tmp/stress-scratch/ingress-src-Sq/ingress/small/f-00020.bin', '/home/renku/work/renku-store/work/Sq/ingress-00-1791189776/small/f-00020.bin', '[Errno 1] Operation not permitted'), ('/tmp/stress-scratch/ingress-src-Sq/ingress/small/f-00021.bin', '/home/renku/work/renku-store/work/Sq/ingress-00-1791189776/small/f-00021.bin', '[Errno 1] Operation not permitted'), ('/tmp/stress-scratch/ingress-src-Sq/ingress/small/f-00010.bin', '/home/renku/work/renku-store/work/Sq/ingress-00-1791189776/small/f-00010.bin', '[Errno 1] Operation not permitted'), ('/tmp/stress-scratch/ingress-src-Sq/ingress/small/f-00014.bin', '/home/renku/work/renku-store/work/Sq/ingress-00-1791189776/small/f-00014.bin', '[Errno 1] Operation not permitted'), ('/tmp/stress-scratch/ingress-src-Sq/ingress/small/f-00033.bin', '/home/renku/work/renku-store/work/Sq/ingress-00-1791189776/small/f-00033.bin', '[Errno 1] Operation not permitted'), ('/tmp/stress-scratch/ingress-src-Sq/ingress/small/f-00080.bin', '/home/renku/work/renku-store/work/Sq/ingress-00-1791189776/small/f-00080.bin', '[Errno 1] Operation not permitted'), ('/tmp/stress-scratch/ingress-src-Sq/ingress/small/f-00013.bin', '/home/renku/work/renku-store/work/Sq/ingress-00-1791189776/small/f-00013.bin', '[Errno 1] Operation not permitted'), ('/tmp/stress-scratch/ingress-src-Sq/ingress/small/f-00043.bin', '/home/renku/work/renku-store/work/Sq/ingress-00-1791189776/small/f-00043.bin', '[Errno 1] Operation not permitted'), ('/tmp/stress-scratch/ingress-src-Sq/ingress/small/f-00093.bin', '/home/renku/work/renku-store/work/Sq/ingress-00-1791189776/small/f-00093.bin', '[Errno 1] Operation not permitted'), ('/tmp/stress-scratch/ingress-src-Sq/ingress/small/f-00048.bin', '/home/renku/work/renku-store/work/Sq/ingress-00-1791189776/small/f-00048.bin', '[Errno 1] Operation not permitted'), ('/tmp/stress-scratch/ingress-src-Sq/ingress/small/f-00063.bin', '/home/renku/work/renku-store/work/Sq/ingress-00-1791189776/small/f-00063.bin', '[Errno 1] Operation not permitted'), ('/tmp/stress-scratch/ingress-src-Sq/ingress/small/f-00070.bin', '/home/renku/work/renku-store/work/Sq/ingress-00-1791189776/small/f-00070.bin', '[Errno 1] Operation not permitted'), ('/tmp/stress-scratch/ingress-src-Sq/ingress/small/f-00036.bin', '/home/renku/work/renku-store/work/Sq/ingress-00-1791189776/small/f-00036.bin', '[Errno 1] Operation not permitted'), ('/tmp/stress-scratch/ingress-src-Sq/ingress/small/f-00065.bin', '/home/renku/work/renku-store/work/Sq/ingress-00-1791189776/small/f-00065.bin', '[Errno 1] Operation not permitted'), ('/tmp/stress-scratch/ingress-src-Sq/ingress/small/f-00027.bin', '/home/renku/work/renku-store/work/Sq/ingress-00-1791189776/small/f-00027.bin', '[Errno 1] Operation not permitted'), ('/tmp/stress-scratch/ingress-src-Sq/ingress/small/f-00047.bin', '/home/renku/work/renku-store/work/Sq/ingress-00-1791189776/small/f-00047.bin', '[Errno 1] Operation not permitted'), ('/tmp/stress-scratch/ingress-src-Sq/ingress/small/f-00059.bin', '/home/renku/work/renku-store/work/Sq/ingress-00-1791189776/small/f-00059.bin', '[Errno 1] Operation not permitted'), ('/tmp/stress-scratch/ingress-src-Sq/ingress/small/f-00095.bin', '/home/renku/work/renku-store/work/Sq/ingress-00-1791189776/small/f-00095.bin', '[Errno 1] Operation not permitted'), ('/tmp/stress-scratch/ingress-src-Sq/ingress/small/f-00061.bin', '/home/renku/work/renku-store/work/Sq/ingress-00-1791189776/small/f-00061.bin', '[Errno 1] Operation not permitted'), ('/tmp/stress-scratch/ingress-src-Sq/ingress/small/f-00050.bin', '/home/renku/work/renku-store/work/Sq/ingress-00-1791189776/small/f-00050.bin', '[Errno 1] Operation not permitted'), ('/tmp/stress-scratch/ingress-src-Sq/ingress/small/f-00067.bin', '/home/renku/work/renku-store/work/Sq/ingress-00-1791189776/small/f-00067.bin', '[Errno 1] Operation not permitted'), ('/tmp/stress-scratch/ingress-src-Sq/ingress/small/f-00030.bin', '/home/renku/work/renku-store/work/Sq/ingress-00-1791189776/small/f-00030.bin', '[Errno 1] Operation not permitted'), ('/tmp/stress-scratch/ingress-src-Sq/ingress/small/f-00009.bin', '/home/renku/work/renku-store/work/Sq/ingress-00-1791189776/small/f-00009.bin', '[Errno 1] Operation not permitted'), ('/tmp/stress-scratch/ingress-src-Sq/ingress/small/f-00007.bin', '/home/renku/work/renku-store/work/Sq/ingress-00-1791189776/small/f-00007.bin', '[Errno 1] Operation not permitted'), ('/tmp/stress-scratch/ingress-src-Sq/ingress/small/f-00091.bin', '/home/renku/work/renku-store/work/Sq/ingress-00-1791189776/small/f-00091.bin', '[Errno 1] Operation not permitted'), ('/tmp/stress-scratch/ingress-src-Sq/ingress/small/f-00040.bin', '/home/renku/work/renku-store/work/Sq/ingress-00-1791189776/small/f-00040.bin', '[Errno 1] Operation not permitted'), ('/tmp/stress-scratch/ingress-src-Sq/ingress/small/f-00079.bin', '/home/renku/work/renku-store/work/Sq/ingress-00-1791189776/small/f-00079.bin', '[Errno 1] Operation not permitted'), ('/tmp/stress-scratch/ingress-src-Sq/ingress/small/f-00045.bin', '/home/renku/work/renku-store/work/Sq/ingress-00-1791189776/small/f-00045.bin', '[Errno 1] Operation not permitted'), ('/tmp/stress-scratch/ingress-src-Sq/ingress/small/f-00032.bin', '/home/renku/work/renku-store/work/Sq/ingress-00-1791189776/small/f-00032.bin', '[Errno 1] Operation not permitted'), ('/tmp/stress-scratch/ingress-src-Sq/ingress/small/f-00078.bin', '/home/renku/work/renku-store/work/Sq/ingress-00-1791189776/small/f-00078.bin', '[Errno 1] Operation not permitted'), ('/tmp/stress-scratch/ingress-src-Sq/ingress/small/f-00035.bin', '/home/renku/work/renku-store/work/Sq/ingress-00-1791189776/small/f-00035.bin', '[Errno 1] Operation not permitted'), ('/tmp/stress-scratch/ingress-src-Sq/ingress/small/f-00068.bin', '/home/renku/work/renku-store/work/Sq/ingress-00-1791189776/small/f-00068.bin', '[Errno 1] Operation not permitted'), ('/tmp/stress-scratch/ingress-src-Sq/ingress/small/f-00088.bin', '/home/renku/work/renku-store/work/Sq/ingress-00-1791189776/small/f-00088.bin', '[Errno 1] Operation not permitted'), ('/tmp/stress-scratch/ingress-src-Sq/ingress/small/f-00042.bin', '/home/renku/work/renku-store/work/Sq/ingress-00-1791189776/small/f-00042.bin', '[Errno 1] Operation not permitted'), ('/tmp/stress-scratch/ingress-src-Sq/ingress/small/f-00023.bin', '/home/renku/work/renku-store/work/Sq/ingress-00-1791189776/small/f-00023.bin', '[Errno 1] Operation not permitted'), ('/tmp/stress-scratch/ingress-src-Sq/ingress/small/f-00049.bin', '/home/renku/work/renku-store/work/Sq/ingress-00-1791189776/small/f-00049.bin', '[Errno 1] Operation not permitted'), ('/tmp/stress-scratch/ingress-src-Sq/ingress/small/f-00082.bin', '/home/renku/work/renku-store/work/Sq/ingress-00-1791189776/small/f-00082.bin', '[Errno 1] Operation not permitted'), ('/tmp/stress-scratch/ingress-src-Sq/ingress/small/f-00098.bin', '/home/renku/work/renku-store/work/Sq/ingress-00-1791189776/small/f-00098.bin', '[Errno 1] Operation not permitted'), ('/tmp/stress-scratch/ingress-src-Sq/ingress/small/f-00097.bin', '/home/renku/work/renku-store/work/Sq/ingress-00-1791189776/small/f-00097.bin', '[Errno 1] Operation not permitted'), ('/tmp/stress-scratch/ingress-src-Sq/ingress/small/f-00094.bin', '/home/renku/work/renku-store/work/Sq/ingress-00-1791189776/small/f-00094.bin', '[Errno 1] Operation not permitted'), ('/tmp/stress-scratch/ingress-src-Sq/ingress/small/f-00037.bin', '/home/renku/work/renku-store/work/Sq/ingress-00-1791189776/small/f-00037.bin', '[Errno 1] Operation not permitted'), ('/tmp/stress-scratch/ingress-src-Sq/ingress/small/f-00085.bin', '/home/renku/work/renku-store/work/Sq/ingress-00-1791189776/small/f-00085.bin', '[Errno 1] Operation not permitted'), ('/tmp/stress-scratch/ingress-src-Sq/ingress/small/f-00034.bin', '/home/renku/work/renku-store/work/Sq/ingress-00-1791189776/small/f-00034.bin', '[Errno 1] Operation not permitted'), ('/tmp/stress-scratch/ingress-src-Sq/ingress/small/f-00003.bin', '/home/renku/work/renku-store/work/Sq/ingress-00-1791189776/small/f-00003.bin', '[Errno 1] Operation not permitted'), ('/tmp/stress-scratch/ingress-src-Sq/ingress/small/f-00046.bin', '/home/renku/work/renku-store/work/Sq/ingress-00-1791189776/small/f-00046.bin', '[Errno 1] Operation not permitted'), ('/tmp/stress-scratch/ingress-src-Sq/ingress/small/f-00066.bin', '/home/renku/work/renku-store/work/Sq/ingress-00-1791189776/small/f-00066.bin', '[Errno 1] Operation not permitted'), ('/tmp/stress-scratch/ingress-src-Sq/ingress/small/f-00057.bin', '/home/renku/work/renku-store/work/Sq/ingress-00-1791189776/small/f-00057.bin', '[Errno 1] Operation not permitted'), ('/tmp/stress-scratch/ingress-src-Sq/ingress/small/f-00062.bin', '/home/renku/work/renku-store/work/Sq/ingress-00-1791189776/small/f-00062.bin', '[Errno 1] Operation not permitted'), ('/tmp/stress-scratch/ingress-src-Sq/ingress/small/f-00005.bin', '/home/renku/work/renku-store/work/Sq/ingress-00-1791189776/small/f-00005.bin', '[Errno 1] Operation not permitted'), ('/tmp/stress-scratch/ingress-src-Sq/ingress/small/f-00044.bin', '/home/renku/work/renku-store/work/Sq/ingress-00-1791189776/small/f-00044.bin', '[Errno 1] Operation not permitted'), ('/tmp/stress-scratch/ingress-src-Sq/ingress/small/f-00031.bin', '/home/renku/work/renku-store/work/Sq/ingress-00-1791189776/small/f-00031.bin', '[Errno 1] Operation not permitted'), ('/tmp/stress-scratch/ingress-src-Sq/ingress/small/f-00089.bin', '/home/renku/work/renku-store/work/Sq/ingress-00-1791189776/small/f-00089.bin', '[Errno 1] Operation not permitted'), ('/tmp/stress-scratch/ingress-src-Sq/ingress/small/f-00052.bin', '/home/renku/work/renku-store/work/Sq/ingress-00-1791189776/small/f-00052.bin', '[Errno 1] Operation not permitted'), ('/tmp/stress-scratch/ingress-src-Sq/ingress/small/f-00086.bin', '/home/renku/work/renku-store/work/Sq/ingress-00-1791189776/small/f-00086.bin', '[Errno 1] Operation not permitted'), ('/tmp/stress-scratch/ingress-src-Sq/ingress/small/f-00054.bin', '/home/renku/work/renku-store/work/Sq/ingress-00-1791189776/small/f-00054.bin', '[Errno 1] Operation not permitted'), ('/tmp/stress-scratch/ingress-src-Sq/ingress/small/f-00006.bin', '/home/renku/work/renku-store/work/Sq/ingress-00-1791189776/small/f-00006.bin', '[Errno 1] Operation not permitted'), ('/tmp/stress-scratch/ingress-src-Sq/ingress/small/f-00029.bin', '/home/renku/work/renku-store/work/Sq/ingress-00-1791189776/small/f-00029.bin', '[Errno 1] Operation not permitted'), ('/tmp/stress-scratch/ingress-src-Sq/ingress/small/f-00087.bin', '/home/renku/work/renku-store/work/Sq/ingress-00-1791189776/small/f-00087.bin', '[Errno 1] Operation not permitted'), ('/tmp/stress-scratch/ingress-src-Sq/ingress/small/f-00018.bin', '/home/renku/work/renku-store/work/Sq/ingress-00-1791189776/small/f-00018.bin', '[Errno 1] Operation not permitted'), ('/tmp/stress-scratch/ingress-src-Sq/ingress/small/f-00084.bin', '/home/renku/work/renku-store/work/Sq/ingress-00-1791189776/small/f-00084.bin', '[Errno 1] Operation not permitted'), ('/tmp/stress-scratch/ingress-src-Sq/ingress/small/f-00071.bin', '/home/renku/work/renku-store/work/Sq/ingress-00-1791189776/small/f-00071.bin', '[Errno 1] Operation not permitted'), ('/tmp/stress-scratch/ingress-src-Sq/ingress/small/f-00096.bin', '/home/renku/work/renku-store/work/Sq/ingress-00-1791189776/small/f-00096.bin', '[Errno 1] Operation not permitted'), ('/tmp/stress-scratch/ingress-src-Sq/ingress/small/f-00069.bin', '/home/renku/work/renku-store/work/Sq/ingress-00-1791189776/small/f-00069.bin', '[Errno 1] Operation not permitted'), ('/tmp/stress-scratch/ingress-src-Sq/ingress/small/f-00016.bin', '/home/renku/work/renku-store/work/Sq/ingress-00-1791189776/small/f-00016.bin', '[Errno 1] Operation not permitted'), ('/tmp/stress-scratch/ingress-src-Sq/ingress/small/f-00038.bin', '/home/renku/work/renku-store/work/Sq/ingress-00-1791189776/small/f-00038.bin', '[Errno 1] Operation not permitted'), ('/tmp/stress-scratch/ingress-src-Sq/ingress/small/f-00024.bin', '/home/renku/work/renku-store/work/Sq/ingress-00-1791189776/small/f-00024.bin', '[Errno 1] Operation not permitted'), ('/tmp/stress-scratch/ingress-src-Sq/ingress/small/f-00073.bin', '/home/renku/work/renku-store/work/Sq/ingress-00-1791189776/small/f-00073.bin', '[Errno 1] Operation not permitted'), ('/tmp/stress-scratch/ingress-src-Sq/ingress/small/f-00025.bin', '/home/renku/work/renku-store/work/Sq/ingress-00-1791189776/small/f-00025.bin', '[Errno 1] Operation not permitted'), ('/tmp/stress-scratch/ingress-src-Sq/ingress/small/f-00012.bin', '/home/renku/work/renku-store/work/Sq/ingress-00-1791189776/small/f-00012.bin', '[Errno 1] Operation not permitted'), ('/tmp/stress-scratch/ingress-src-Sq/ingress/small/f-00058.bin', '/home/renku/work/renku-store/work/Sq/ingress-00-1791189776/small/f-00058.bin', '[Errno 1] Operation not permitted'), ('/tmp/stress-scratch/ingress-src-Sq/ingress/small/f-00011.bin', '/home/renku/work/renku-store/work/Sq/ingress-00-1791189776/small/f-00011.bin', '[Errno 1] Operation not permitted'), ('/tmp/stress-scratch/ingress-src-Sq/ingress/small/f-00064.bin', '/home/renku/work/renku-store/work/Sq/ingress-00-1791189776/small/f-00064.bin', '[Errno 1] Operation not permitted'), ('/tmp/stress-scratch/ingress-src-Sq/ingress/small/f-00077.bin', '/home/renku/work/renku-store/work/Sq/ingress-00-1791189776/small/f-00077.bin', '[Errno 1] Operation not permitted'), ('/tmp/stress-scratch/ingress-src-Sq/ingress/small/f-00039.bin', '/home/renku/work/renku-store/work/Sq/ingress-00-1791189776/small/f-00039.bin', '[Errno 1] Operation not permitted'), ('/tmp/stress-scratch/ingress-src-Sq/ingress/small/f-00008.bin', '/home/renku/work/renku-store/work/Sq/ingress-00-1791189776/small/f-00008.bin', '[Errno 1] Operation not permitted'), ('/tmp/stress-scratch/ingress-src-Sq/ingress/small/f-00081.bin', '/home/renku/work/renku-store/work/Sq/ingress-00-1791189776/small/f-00081.bin', '[Errno 1] Operation not permitted'), ('/tmp/stress-scratch/ingress-src-Sq/ingress/small/f-00056.bin', '/home/renku/work/renku-store/work/Sq/ingress-00-1791189776/small/f-00056.bin', '[Errno 1] Operation not permitted'), ('/tmp/stress-scratch/ingress-src-Sq/ingress/small/f-00072.bin', '/home/renku/work/renku-store/work/Sq/ingress-00-1791189776/small/f-00072.bin', '[Errno 1] Operation not permitted'), ('/tmp/stress-scratch/ingress-src-Sq/ingress/small/f-00060.bin', '/home/renku/work/renku-store/work/Sq/ingress-00-1791189776/small/f-00060.bin', '[Errno 1] Operation not permitted'), ('/tmp/stress-scratch/ingress-src-Sq/ingress/small/f-00090.bin', '/home/renku/work/renku-store/work/Sq/ingress-00-1791189776/small/f-00090.bin', '[Errno 1] Operation not permitted'), ('/tmp/stress-scratch/ingress-src-Sq/ingress/small/f-00075.bin', '/home/renku/work/renku-store/work/Sq/ingress-00-1791189776/small/f-00075.bin', '[Errno 1] Operation not permitted'), ('/tmp/stress-scratch/ingress-src-Sq/ingress/small/f-00026.bin', '/home/renku/work/renku-store/work/Sq/ingress-00-1791189776/small/f-00026.bin', '[Errno 1] Operation not permitted'), (PosixPath('/tmp/stress-scratch/ingress-src-Sq/ingress/small'), PosixPath('/home/renku/work/renku-store/work/Sq/ingress-00-1791189776/small'), '[Errno 1] Operation not permitted')]
  [azure] fio
  [azure] metadata
  [azure] realistic
  [azure] ingress
  [local] fio
  [local] metadata
  [local] realistic
  [local] ingress
  [polybox] fio
  [polybox] metadata
  [polybox] realistic
  [polybox] ingress

[run] done. Analyse with: python analysis/analyze.py /home/renku/work/renku-storage-stress-test/results/Sq
