[chain] 2026-10-09T09:47:28Z start: W11 rerun project,polybox reps 1-3 (data staged 2026-10-05)
[sweep] levels=[1, 2, 4, 8, 16, 32] reps=3 files/measurement=1000 data=S-sweep backends=['project', 'polybox'] seed=20261009
[sweep] results -> /home/renku/work/renku-storage-stress-test/results/S/elisabet-cap-52039ca53e6c-0_2026-10-09.jsonl
[sweep] project: newest shard staged 86.51 h ago
[sweep] polybox: newest shard staged 86.2 h ago

[sweep rep 1/3] order: polybox -> project
  [polybox]  8 readers:     35.2 files/s      3.6 MB/s
  [polybox] 32 readers:     49.1 files/s      5.0 MB/s
  [polybox]  2 readers:      8.9 files/s      0.9 MB/s
  [polybox] 16 readers:     46.1 files/s      4.7 MB/s
  [polybox]  4 readers:     17.3 files/s      1.8 MB/s
  [polybox]  1 readers:      4.5 files/s      0.5 MB/s
  [project]  2 readers:     99.9 files/s     10.2 MB/s
  [project]  8 readers:    175.8 files/s     18.0 MB/s
  [project]  1 readers:     23.6 files/s      2.4 MB/s
  [project] 32 readers:    647.2 files/s     66.3 MB/s
  [project]  4 readers:     90.9 files/s      9.3 MB/s
  [project] 16 readers:    828.2 files/s     84.8 MB/s

[sweep rep 2/3] order: project -> polybox
  [project] 32 readers:    635.0 files/s     65.0 MB/s
  [project]  2 readers:     44.3 files/s      4.5 MB/s
  [project]  4 readers:     91.0 files/s      9.3 MB/s
  [project] 16 readers:    294.0 files/s     30.1 MB/s
  [project]  1 readers:     23.9 files/s      2.4 MB/s
  [project]  8 readers:    166.7 files/s     17.1 MB/s
  [polybox]  2 readers:      9.3 files/s      0.9 MB/s
  [polybox]  4 readers:     17.3 files/s      1.8 MB/s
  [polybox] 16 readers:     48.4 files/s      5.0 MB/s
  [polybox]  8 readers:     34.1 files/s      3.5 MB/s
  [polybox] 32 readers:     49.3 files/s      5.0 MB/s
  [polybox]  1 readers:      4.6 files/s      0.5 MB/s

[sweep rep 3/3] order: project -> polybox
  [project]  4 readers:     76.0 files/s      7.8 MB/s
  [project] 16 readers:    329.7 files/s     33.8 MB/s
  [project]  2 readers:     41.6 files/s      4.3 MB/s
  [project]  8 readers:    166.8 files/s     17.1 MB/s
  [project] 32 readers:    522.3 files/s     53.5 MB/s
  [project]  1 readers:     20.9 files/s      2.1 MB/s
  [polybox]  8 readers:     34.0 files/s      3.5 MB/s
  [polybox]  4 readers:     18.3 files/s      1.9 MB/s
  [polybox] 32 readers:     49.3 files/s      5.0 MB/s
  [polybox]  1 readers:      4.7 files/s      0.5 MB/s
  [polybox] 16 readers:     49.0 files/s      5.0 MB/s
  [polybox]  2 readers:      9.0 files/s      0.9 MB/s

[sweep] done. Analyse with: python analysis/analyze.py /home/renku/work/renku-storage-stress-test/results/S
[chain] 2026-10-09T10:17:08Z project,polybox exit=0
[chain] 2026-10-09T10:17:08Z start: W11 rerun local rep 3 only (shards 0-3 and 8 were read today)
[sweep] levels=[1, 2, 4, 8, 16, 32] reps=3 files/measurement=1000 data=S-sweep backends=['local'] seed=20261009
[sweep] results -> /home/renku/work/renku-storage-stress-test/results/S/elisabet-cap-52039ca53e6c-0_2026-10-09.jsonl
[sweep] local: newest shard staged 86.42 h ago

[sweep rep 3/3] order: local
  [local] 32 readers:    639.4 files/s     65.5 MB/s
  [local]  4 readers:    367.6 files/s     37.6 MB/s
  [local]  2 readers:    181.6 files/s     18.6 MB/s
  [local] 16 readers:    636.8 files/s     65.2 MB/s
  [local]  1 readers:     87.3 files/s      8.9 MB/s
  [local]  8 readers:    625.9 files/s     64.1 MB/s

[sweep] done. Analyse with: python analysis/analyze.py /home/renku/work/renku-storage-stress-test/results/S
[chain] 2026-10-09T10:17:33Z local exit=0
